
R version 4.1.1 (2021-08-10) -- "Kick Things"
Copyright (C) 2021 The R Foundation for Statistical Computing
Platform: x86_64-pc-linux-gnu (64-bit)

R est un logiciel libre livré sans AUCUNE GARANTIE.
Vous pouvez le redistribuer sous certaines conditions.
Tapez 'license()' ou 'licence()' pour plus de détails.

R est un projet collaboratif avec de nombreux contributeurs.
Tapez 'contributors()' pour plus d'information et
'citation()' pour la façon de le citer dans les publications.

Tapez 'demo()' pour des démonstrations, 'help()' pour l'aide
en ligne ou 'help.start()' pour obtenir l'aide au format HTML.
Tapez 'q()' pour quitter R.

INFO : Large data should be stored in your work/ folder. 
 
[Sauvegarde de la session précédente restaurée]

> rm(list = ls())
> 
> library(ggplot2)
> library(nlme)
> library(cowplot)
> library(glmnet)
Le chargement a nécessité le package : Matrix
Loaded glmnet 4.1-3
> library(mvnfast)
> library(nimble)
nimble version 0.12.2 is loaded.
For more information on NIMBLE and a User Manual,
please visit https://R-nimble.org.

Attachement du package : ‘nimble’

L'objet suivant est masqué depuis ‘package:stats’:

    simulate

> library(microbenchmark)
> library(nonlinearspikeslab)
> library(tidyverse)
── Attaching packages ─────────────────────────────────────── tidyverse 1.3.1 ──
✔ tibble  3.1.6     ✔ dplyr   1.0.8
✔ tidyr   1.2.0     ✔ stringr 1.4.0
✔ readr   2.1.2     ✔ forcats 0.5.1
✔ purrr   0.3.4     
── Conflicts ────────────────────────────────────────── tidyverse_conflicts() ──
✖ dplyr::collapse() masks nlme::collapse()
✖ tidyr::expand()   masks Matrix::expand()
✖ dplyr::filter()   masks stats::filter()
✖ dplyr::lag()      masks stats::lag()
✖ tidyr::pack()     masks Matrix::pack()
✖ tidyr::unpack()   masks Matrix::unpack()
> 
> source("Simul_donnees_Marion.R")
Joining, by = "Id"
Message d'avis :
The `x` argument of `as_tibble.matrix()` must have unique column names if `.name_repair` is omitted as of tibble 2.0.0.
Using compatibility `.name_repair`.
This warning is displayed once every 8 hours.
Call `lifecycle::last_lifecycle_warnings()` to see where this warning was generated. 
> source("nimble_fit_functions.R")
> 
> PlotSimulatedData(data_input, maxspecies = 30)
> 
> nu_0 = 0.04
> set.seed(1)
> mcmc_out=FitOneVariableParamSpikeAndSlabDelay_marginal_delta_slow(data = data_input, nu_0 = nu_0, niter = 6000)
Defining model
  [Note] Registering 'dmix2norm_unsafe' as a distribution based on its use in BUGS code. If you make changes to the nimbleFunctions for the distribution, you must call 'deregisterDistributions' before using the distribution in BUGS code for those changes to take effect.
Building model
Setting data and initial values
Running calculate on model
  [Note] Any error reports that follow may simply reflect missing values in model variables.
Checking model sizes and dimensions
  [Note] safeDeparse: truncating deparse output to 1 lines.
===== Monitors =====
thin = 1: alpha, alpha_prior, eta, eta_prior, Gamma2, Gamma2_prior, mu, mu_prior, sigma2, sigma2_prior
===== Samplers =====
RW sampler (2707)
  - Gamma2
  - sigma2
  - alpha
  - eta[]  (2 elements)
  - beta[]  (2500 elements)
  - psi[]  (2 elements)
  - phi[]  (200 elements)
posterior_predictive_branch sampler (2)
  - alpha_prior
  - eta_prior
posterior_predictive sampler (3)
  - sigma2_prior
  - Gamma2_prior
  - mu_prior
conjugate sampler (1)
  - mu
Defining model
Building model
Setting data and initial values
Running calculate on model
  [Note] Any error reports that follow may simply reflect missing values in model variables.
Checking model sizes and dimensions
Checking model calculations
  [Note] safeDeparse: truncating deparse output to 1 lines.
Compiling
  [Note] This may take a minute.
  [Note] Use 'showCompilerOutput = TRUE' to see C++ compilation details.
Running chain 1 ...
|-------------|-------------|-------------|-------------|
|-------------------------------------------------------|
Running chain 2 ...
|-------------|-------------|-------------|-------------|
|-------------------------------------------------------|
Running chain 3 ...
|-------------|-------------|-------------|-------------|
|-------------------------------------------------------|
  [Warning] There are individual pWAIC values that are greater than 0.4. This may indicate that the WAIC estimate is unstable (Vehtari et al., 2017), at least in cases without grouping of data nodes or multivariate data nodes.
> 
> save(mcmc_out,file="Test_MCMC_p2500.Rdata")
> 
> #load("Test_MCMC_p5000.Rdata")
> #load("Test_MCMC_p2500.Rdata")
> 
> load("Test_cv_MCMC_p1500_2.Rdata") #avec bons hyperparam et init
> 
> traceplot(mcmc.out = mcmc_out, parnames = c("Gamma2", "sigma2")) + scale_y_log10()
> PriorPosteriorPlotSmallVectorParams(mcmc_out = mcmc_out, parnames = c("sigma2", "Gamma2")) + scale_x_log10()
> 
> traceplot(mcmc.out = mcmc_out, parnames = c("psi"))
> PriorPosteriorPlotSmallVectorParams(mcmc_out = mcmc_out, parnames = c("psi"))
New names:
* psi_prior -> psi_prior...1
* psi_prior -> psi_prior...2
Message d'avis :
Removed 18006 rows containing non-finite values (stat_density). 
> 
> traceplot(mcmc.out = mcmc_out, parnames = c("alpha"))
> PriorPosteriorPlotSmallVectorParams(mcmc_out = mcmc_out, parnames = c("alpha"))
> 
> traceplot(mcmc.out = mcmc_out, parnames = c("mu"))
> PriorPosteriorPlotSmallVectorParams(mcmc_out = mcmc_out, parnames = c("mu"))
> 
> traceplot(mcmc.out = mcmc_out, parnames = c("beta[1]", "beta[2]", "beta[3]", "beta[4]", "beta[5]", "beta[6]"))
> #PriorPosteriorPlotSmallVectorParams(mcmc_out = mcmc_out, parnames = c("beta"))
> 
> traceplot(mcmc.out = mcmc_out,parnames = paste("phi[", 1:9, "]", sep = ""))
> posterior_predictive_estimate(data = data_input, mcmc_out = mcmc_out, maxspecies = 20)
> 
> proc.time()
utilisateur     système      écoulé 
  30123.593      67.116   30193.298 
